// Jest Snapshot v1, https://goo.gl/fbAQLP

exports[`render matches snapshot 1`] = `
.c0 {
  width: 100%;
  height: 100%;
}

.c1 {
  box-sizing: border-box;
  color: #4d4d4d;
}

.c1 *,
.c1 *:before,
.c1 *:after {
  box-sizing: inherit;
}

.c2.c2 {
  display: -webkit-box;
  display: -webkit-flex;
  display: -ms-flexbox;
  display: flex;
  -webkit-flex-flow: row nowrap;
  -ms-flex-flow: row nowrap;
  flex-flow: row nowrap;
  margin: 0;
  padding: 0;
  -webkit-align-items: center;
  -webkit-box-align: center;
  -ms-flex-align: center;
  align-items: center;
}

.c4.c4 {
  -webkit-flex: 1 0 100px;
  -ms-flex: 1 0 100px;
  flex: 1 0 100px;
  white-space: nowrap;
  overflow: hidden;
}

.c5.c5 {
  -webkit-flex: 0.5 0 50px;
  -ms-flex: 0.5 0 50px;
  flex: 0.5 0 50px;
  white-space: nowrap;
  overflow: hidden;
}

.c6.c6 {
  -webkit-flex: 2 0 200px;
  -ms-flex: 2 0 200px;
  flex: 2 0 200px;
  white-space: nowrap;
  overflow: hidden;
}

.c7.c7 {
  -webkit-flex: 0 0 0px;
  -ms-flex: 0 0 0px;
  flex: 0 0 0px;
  white-space: nowrap;
  overflow: hidden;
}

.c9.c9 {
  -webkit-flex: 0 0 48px;
  -ms-flex: 0 0 48px;
  flex: 0 0 48px;
  white-space: nowrap;
  overflow: hidden;
}

.c8.c8 {
  padding: 0;
  font-weight: 700;
}

.c3.c3 {
  -webkit-flex: 0 0 48px;
  -ms-flex: 0 0 48px;
  flex: 0 0 48px;
  white-space: nowrap;
  overflow: hidden;
  display: -webkit-box;
  display: -webkit-flex;
  display: -ms-flexbox;
  display: flex;
  -webkit-box-pack: center;
  -webkit-justify-content: center;
  -ms-flex-pack: center;
  justify-content: center;
  -webkit-align-items: center;
  -webkit-box-align: center;
  -ms-flex-align: center;
  align-items: center;
  font-size: 11px;
  height: 100%;
  height: 100%;
  padding: 0;
  margin: 0;
  background: inherit;
  border: none;
  cursor: pointer;
}

<div
  class="c0"
>
  <div
    class="c1 table__table"
    style="position:relative;height:400px;width:1600px;overflow:auto;-webkit-overflow-scrolling:touch;will-change:transform;direction:ltr"
  >
    <div
      style="height:52228px;width:100%"
    >
      <div
        class="c2 table__head"
        style="position:absolute;left:0;top:0;height:48px;width:100%"
      >
        <button
          class="c3 table__th"
        >
          <i
            class="ci icon ci-chevron-right table__carat--expanded"
          />
        </button>
        <div
          class="c4 table__th"
        >
          <label
            class="table__th__label"
          >
            Car Make
          </label>
        </div>
        <div
          class="c4 table__th"
        >
          <label
            class="table__th__label"
          >
            Car Model
          </label>
        </div>
        <div
          class="c5 table__th"
        >
          <label
            class="table__th__label"
          >
            Car Year
          </label>
        </div>
        <div
          class="c4 table__th"
        >
          <label
            class="table__th__label"
          >
            Country
          </label>
        </div>
        <div
          class="c4 table__th"
        >
          <label
            class="table__th__label"
          >
            Price
          </label>
        </div>
        <div
          class="c6 table__th"
        >
          <label
            class="table__th__label"
          >
            Comments
          </label>
        </div>
      </div>
      <div
        class="c2 table__group-row table__group-row__content"
        style="position:absolute;left:0;top:48px;height:48px;width:100%"
      >
        <div
          class="c7"
        />
        <button
          class="c3"
        >
          <i
            class="ci icon ci-chevron-right"
          />
        </button>
        <div
          class="c8 table__group-row__title"
        >
          Mercury
        </div>
      </div>
      <div
        class="c2 table__group-row table__group-row__content"
        style="position:absolute;left:0;top:96px;height:48px;width:100%"
      >
        <div
          class="c7"
        />
        <button
          class="c3"
        >
          <i
            class="ci icon ci-chevron-right table__carat--expanded"
          />
        </button>
        <div
          class="c8 table__group-row__title"
        >
          Ford
        </div>
      </div>
      <div
        class="c2 table__body-row"
        style="position:absolute;left:0;top:144px;height:48px;width:100%"
      >
        <div
          class="c9"
        />
        <div
          class="c4 table__td"
        >
          <label
            class="table__text-cell"
          >
            Ford
          </label>
        </div>
        <div
          class="c4 table__td"
        >
          <label
            class="table__text-cell"
          >
            Festiva
          </label>
        </div>
        <div
          class="c5 table__td"
        >
          <label
            class="table__text-cell"
          >
            1989
          </label>
        </div>
        <div
          class="c4 table__td"
        >
          <label
            class="table__text-cell"
          >
            Japan
          </label>
        </div>
        <div
          class="c4 table__td"
        >
          <label
            class="table__text-cell"
          >
            $9988.21
          </label>
        </div>
        <div
          class="c6 table__td"
        >
          <label
            class="table__text-cell"
          >
            implement next-generation channels
          </label>
        </div>
      </div>
      <div
        class="c2 table__body-row"
        style="position:absolute;left:0;top:192px;height:48px;width:100%"
      >
        <div
          class="c9"
        />
        <div
          class="c4 table__td"
        >
          <label
            class="table__text-cell"
          >
            Ford
          </label>
        </div>
        <div
          class="c4 table__td"
        >
          <label
            class="table__text-cell"
          >
            Model T
          </label>
        </div>
        <div
          class="c5 table__td"
        >
          <label
            class="table__text-cell"
          >
            1909
          </label>
        </div>
        <div
          class="c4 table__td"
        >
          <label
            class="table__text-cell"
          >
            Philippines
          </label>
        </div>
        <div
          class="c4 table__td"
        >
          <label
            class="table__text-cell"
          >
            $8869.46
          </label>
        </div>
        <div
          class="c6 table__td"
        >
          <label
            class="table__text-cell"
          >
            redefine seamless paradigms
          </label>
        </div>
      </div>
      <div
        class="c2 table__body-row"
        style="position:absolute;left:0;top:240px;height:48px;width:100%"
      >
        <div
          class="c9"
        />
        <div
          class="c4 table__td"
        >
          <label
            class="table__text-cell"
          >
            Ford
          </label>
        </div>
        <div
          class="c4 table__td"
        >
          <label
            class="table__text-cell"
          >
            Fairlane
          </label>
        </div>
        <div
          class="c5 table__td"
        >
          <label
            class="table__text-cell"
          >
            1965
          </label>
        </div>
        <div
          class="c4 table__td"
        >
          <label
            class="table__text-cell"
          >
            China
          </label>
        </div>
        <div
          class="c4 table__td"
        >
          <label
            class="table__text-cell"
          >
            $419.23
          </label>
        </div>
        <div
          class="c6 table__td"
        >
          <label
            class="table__text-cell"
          >
            redefine turn-key applications
          </label>
        </div>
      </div>
      <div
        class="c2 table__body-row"
        style="position:absolute;left:0;top:288px;height:48px;width:100%"
      >
        <div
          class="c9"
        />
        <div
          class="c4 table__td"
        >
          <label
            class="table__text-cell"
          >
            Ford
          </label>
        </div>
        <div
          class="c4 table__td"
        >
          <label
            class="table__text-cell"
          >
            LTD Crown Victoria
          </label>
        </div>
        <div
          class="c5 table__td"
        >
          <label
            class="table__text-cell"
          >
            1984
          </label>
        </div>
        <div
          class="c4 table__td"
        >
          <label
            class="table__text-cell"
          >
            China
          </label>
        </div>
        <div
          class="c4 table__td"
        >
          <label
            class="table__text-cell"
          >
            $7036.82
          </label>
        </div>
        <div
          class="c6 table__td"
        >
          <label
            class="table__text-cell"
          >
            repurpose user-centric networks
          </label>
        </div>
      </div>
      <div
        class="c2 table__body-row"
        style="position:absolute;left:0;top:336px;height:48px;width:100%"
      >
        <div
          class="c9"
        />
        <div
          class="c4 table__td"
        >
          <label
            class="table__text-cell"
          >
            Ford
          </label>
        </div>
        <div
          class="c4 table__td"
        >
          <label
            class="table__text-cell"
          >
            Ranger
          </label>
        </div>
        <div
          class="c5 table__td"
        >
          <label
            class="table__text-cell"
          >
            2005
          </label>
        </div>
        <div
          class="c4 table__td"
        >
          <label
            class="table__text-cell"
          >
            Mali
          </label>
        </div>
        <div
          class="c4 table__td"
        >
          <label
            class="table__text-cell"
          >
            $1841.99
          </label>
        </div>
        <div
          class="c6 table__td"
        >
          <label
            class="table__text-cell"
          >
            implement 24/7 functionalities
          </label>
        </div>
      </div>
      <div
        class="c2 table__body-row"
        style="position:absolute;left:0;top:384px;height:48px;width:100%"
      >
        <div
          class="c9"
        />
        <div
          class="c4 table__td"
        >
          <label
            class="table__text-cell"
          >
            Ford
          </label>
        </div>
        <div
          class="c4 table__td"
        >
          <label
            class="table__text-cell"
          >
            Thunderbird
          </label>
        </div>
        <div
          class="c5 table__td"
        >
          <label
            class="table__text-cell"
          >
            1986
          </label>
        </div>
        <div
          class="c4 table__td"
        >
          <label
            class="table__text-cell"
          >
            Indonesia
          </label>
        </div>
        <div
          class="c4 table__td"
        >
          <label
            class="table__text-cell"
          >
            $8325.61
          </label>
        </div>
        <div
          class="c6 table__td"
        >
          <label
            class="table__text-cell"
          >
            reinvent mission-critical channels
          </label>
        </div>
      </div>
      <div
        class="c2 table__body-row"
        style="position:absolute;left:0;top:432px;height:48px;width:100%"
      >
        <div
          class="c9"
        />
        <div
          class="c4 table__td"
        >
          <label
            class="table__text-cell"
          >
            Ford
          </label>
        </div>
        <div
          class="c4 table__td"
        >
          <label
            class="table__text-cell"
          >
            Escort
          </label>
        </div>
        <div
          class="c5 table__td"
        >
          <label
            class="table__text-cell"
          >
            1985
          </label>
        </div>
        <div
          class="c4 table__td"
        >
          <label
            class="table__text-cell"
          >
            China
          </label>
        </div>
        <div
          class="c4 table__td"
        >
          <label
            class="table__text-cell"
          >
            $3609.57
          </label>
        </div>
        <div
          class="c6 table__td"
        >
          <label
            class="table__text-cell"
          >
            maximize seamless ROI
          </label>
        </div>
      </div>
      <div
        class="c2 table__body-row"
        style="position:absolute;left:0;top:480px;height:48px;width:100%"
      >
        <div
          class="c9"
        />
        <div
          class="c4 table__td"
        >
          <label
            class="table__text-cell"
          >
            Ford
          </label>
        </div>
        <div
          class="c4 table__td"
        >
          <label
            class="table__text-cell"
          >
            F-Series
          </label>
        </div>
        <div
          class="c5 table__td"
        >
          <label
            class="table__text-cell"
          >
            2007
          </label>
        </div>
        <div
          class="c4 table__td"
        >
          <label
            class="table__text-cell"
          >
            Argentina
          </label>
        </div>
        <div
          class="c4 table__td"
        >
          <label
            class="table__text-cell"
          >
            $4446.54
          </label>
        </div>
        <div
          class="c6 table__td"
        >
          <label
            class="table__text-cell"
          >
            recontextualize world-class platforms
          </label>
        </div>
      </div>
    </div>
  </div>
</div>
`;
