// Jest Snapshot v1, https://goo.gl/fbAQLP

exports[`render matches snapshot 1`] = `
.c0 {
  width: 100%;
  height: 100%;
}

.c1 {
  box-sizing: border-box;
}

.c1 *,
.c1 *:before,
.c1 *:after {
  box-sizing: inherit;
}

.c2 {
  display: -webkit-box;
  display: -webkit-flex;
  display: -ms-flexbox;
  display: flex;
  -webkit-flex-flow: row nowrap;
  -ms-flex-flow: row nowrap;
  flex-flow: row nowrap;
  margin: 0;
  padding: 0;
  -webkit-align-items: center;
  -webkit-box-align: center;
  -ms-flex-align: center;
  align-items: center;
}

.c3 {
  -webkit-flex: 1 0 100px;
  -ms-flex: 1 0 100px;
  flex: 1 0 100px;
  white-space: nowrap;
  overflow: hidden;
}

.c4 {
  -webkit-flex: 0.5 0 50px;
  -ms-flex: 0.5 0 50px;
  flex: 0.5 0 50px;
  white-space: nowrap;
  overflow: hidden;
}

.c5 {
  -webkit-flex: 2 0 200px;
  -ms-flex: 2 0 200px;
  flex: 2 0 200px;
  white-space: nowrap;
  overflow: hidden;
}

<div
  class="c0"
>
  <div
    class="c1 table__table"
    style="position:relative;height:400px;width:1600px;overflow:auto;-webkit-overflow-scrolling:touch;will-change:transform;direction:ltr"
  >
    <div
      style="height:53128px;width:100%"
    >
      <div
        class="c2 table__head"
        style="position:absolute;left:0;top:0;height:48px;width:100%"
      >
        <div
          class="c3 table__th"
        >
          <label
            class="table__th__label"
          >
            Car Make
          </label>
        </div>
        <div
          class="c3 table__th"
        >
          <label
            class="table__th__label"
          >
            Car Model
          </label>
        </div>
        <div
          class="c4 table__th"
        >
          <label
            class="table__th__label"
          >
            Car Year
          </label>
        </div>
        <div
          class="c3 table__th"
        >
          <label
            class="table__th__label"
          >
            Country
          </label>
        </div>
        <div
          class="c3 table__th"
        >
          <label
            class="table__th__label"
          >
            Price
          </label>
        </div>
        <div
          class="c5 table__th"
        >
          <label
            class="table__th__label"
          >
            Comments
          </label>
        </div>
      </div>
      <div
        class="c2 table__group-row table__group-row__content"
        style="position:absolute;left:0;top:48px;height:48px;width:100%"
      >
        <div
          class="table__group-row__title"
        >
          Mercury
        </div>
      </div>
      <div
        class="c2 table__body-row"
        style="position:absolute;left:0;top:96px;height:48px;width:100%"
      >
        <div
          class="c3 table__td"
        >
          <label
            class="table__text-cell"
          >
            Mercury
          </label>
        </div>
        <div
          class="c3 table__td"
        >
          <label
            class="table__text-cell"
          >
            Mountaineer
          </label>
        </div>
        <div
          class="c4 table__td"
        >
          <label
            class="table__text-cell"
          >
            1997
          </label>
        </div>
        <div
          class="c3 table__td"
        >
          <label
            class="table__text-cell"
          >
            China
          </label>
        </div>
        <div
          class="c3 table__td"
        >
          <label
            class="table__text-cell"
          >
            $8545.87
          </label>
        </div>
        <div
          class="c5 table__td"
        >
          <label
            class="table__text-cell"
          >
            engage cutting-edge systems
          </label>
        </div>
      </div>
      <div
        class="c2 table__body-row"
        style="position:absolute;left:0;top:144px;height:48px;width:100%"
      >
        <div
          class="c3 table__td"
        >
          <label
            class="table__text-cell"
          >
            Mercury
          </label>
        </div>
        <div
          class="c3 table__td"
        >
          <label
            class="table__text-cell"
          >
            Grand Marquis
          </label>
        </div>
        <div
          class="c4 table__td"
        >
          <label
            class="table__text-cell"
          >
            1985
          </label>
        </div>
        <div
          class="c3 table__td"
        >
          <label
            class="table__text-cell"
          >
            Indonesia
          </label>
        </div>
        <div
          class="c3 table__td"
        >
          <label
            class="table__text-cell"
          >
            $3382.45
          </label>
        </div>
        <div
          class="c5 table__td"
        >
          <label
            class="table__text-cell"
          >
            disintermediate impactful e-business
          </label>
        </div>
      </div>
      <div
        class="c2 table__body-row"
        style="position:absolute;left:0;top:192px;height:48px;width:100%"
      >
        <div
          class="c3 table__td"
        >
          <label
            class="table__text-cell"
          >
            Mercury
          </label>
        </div>
        <div
          class="c3 table__td"
        >
          <label
            class="table__text-cell"
          >
            Mountaineer
          </label>
        </div>
        <div
          class="c4 table__td"
        >
          <label
            class="table__text-cell"
          >
            2001
          </label>
        </div>
        <div
          class="c3 table__td"
        >
          <label
            class="table__text-cell"
          >
            China
          </label>
        </div>
        <div
          class="c3 table__td"
        >
          <label
            class="table__text-cell"
          >
            $3146.50
          </label>
        </div>
        <div
          class="c5 table__td"
        >
          <label
            class="table__text-cell"
          >
            incentivize world-class web-readiness
          </label>
        </div>
      </div>
      <div
        class="c2 table__body-row"
        style="position:absolute;left:0;top:240px;height:48px;width:100%"
      >
        <div
          class="c3 table__td"
        >
          <label
            class="table__text-cell"
          >
            Mercury
          </label>
        </div>
        <div
          class="c3 table__td"
        >
          <label
            class="table__text-cell"
          >
            Monterey
          </label>
        </div>
        <div
          class="c4 table__td"
        >
          <label
            class="table__text-cell"
          >
            2005
          </label>
        </div>
        <div
          class="c3 table__td"
        >
          <label
            class="table__text-cell"
          >
            China
          </label>
        </div>
        <div
          class="c3 table__td"
        >
          <label
            class="table__text-cell"
          >
            $3586.33
          </label>
        </div>
        <div
          class="c5 table__td"
        >
          <label
            class="table__text-cell"
          >
            extend killer ROI
          </label>
        </div>
      </div>
      <div
        class="c2 table__body-row"
        style="position:absolute;left:0;top:288px;height:48px;width:100%"
      >
        <div
          class="c3 table__td"
        >
          <label
            class="table__text-cell"
          >
            Mercury
          </label>
        </div>
        <div
          class="c3 table__td"
        >
          <label
            class="table__text-cell"
          >
            Capri
          </label>
        </div>
        <div
          class="c4 table__td"
        >
          <label
            class="table__text-cell"
          >
            1992
          </label>
        </div>
        <div
          class="c3 table__td"
        >
          <label
            class="table__text-cell"
          >
            China
          </label>
        </div>
        <div
          class="c3 table__td"
        >
          <label
            class="table__text-cell"
          >
            $6812.68
          </label>
        </div>
        <div
          class="c5 table__td"
        >
          <label
            class="table__text-cell"
          >
            harness transparent users
          </label>
        </div>
      </div>
      <div
        class="c2 table__body-row"
        style="position:absolute;left:0;top:336px;height:48px;width:100%"
      >
        <div
          class="c3 table__td"
        >
          <label
            class="table__text-cell"
          >
            Mercury
          </label>
        </div>
        <div
          class="c3 table__td"
        >
          <label
            class="table__text-cell"
          >
            Sable
          </label>
        </div>
        <div
          class="c4 table__td"
        >
          <label
            class="table__text-cell"
          >
            2002
          </label>
        </div>
        <div
          class="c3 table__td"
        >
          <label
            class="table__text-cell"
          >
            Indonesia
          </label>
        </div>
        <div
          class="c3 table__td"
        >
          <label
            class="table__text-cell"
          >
            $8796.52
          </label>
        </div>
        <div
          class="c5 table__td"
        >
          <label
            class="table__text-cell"
          >
            envisioneer integrated channels
          </label>
        </div>
      </div>
      <div
        class="c2 table__body-row"
        style="position:absolute;left:0;top:384px;height:48px;width:100%"
      >
        <div
          class="c3 table__td"
        >
          <label
            class="table__text-cell"
          >
            Mercury
          </label>
        </div>
        <div
          class="c3 table__td"
        >
          <label
            class="table__text-cell"
          >
            Lynx
          </label>
        </div>
        <div
          class="c4 table__td"
        >
          <label
            class="table__text-cell"
          >
            1984
          </label>
        </div>
        <div
          class="c3 table__td"
        >
          <label
            class="table__text-cell"
          >
            Indonesia
          </label>
        </div>
        <div
          class="c3 table__td"
        >
          <label
            class="table__text-cell"
          >
            $6908.80
          </label>
        </div>
        <div
          class="c5 table__td"
        >
          <label
            class="table__text-cell"
          >
            incubate viral action-items
          </label>
        </div>
      </div>
      <div
        class="c2 table__body-row"
        style="position:absolute;left:0;top:432px;height:48px;width:100%"
      >
        <div
          class="c3 table__td"
        >
          <label
            class="table__text-cell"
          >
            Mercury
          </label>
        </div>
        <div
          class="c3 table__td"
        >
          <label
            class="table__text-cell"
          >
            Mariner
          </label>
        </div>
        <div
          class="c4 table__td"
        >
          <label
            class="table__text-cell"
          >
            2009
          </label>
        </div>
        <div
          class="c3 table__td"
        >
          <label
            class="table__text-cell"
          >
            Colombia
          </label>
        </div>
        <div
          class="c3 table__td"
        >
          <label
            class="table__text-cell"
          >
            $1036.71
          </label>
        </div>
        <div
          class="c5 table__td"
        >
          <label
            class="table__text-cell"
          >
            embrace proactive channels
          </label>
        </div>
      </div>
      <div
        class="c2 table__body-row"
        style="position:absolute;left:0;top:480px;height:48px;width:100%"
      >
        <div
          class="c3 table__td"
        >
          <label
            class="table__text-cell"
          >
            Mercury
          </label>
        </div>
        <div
          class="c3 table__td"
        >
          <label
            class="table__text-cell"
          >
            Sable
          </label>
        </div>
        <div
          class="c4 table__td"
        >
          <label
            class="table__text-cell"
          >
            1998
          </label>
        </div>
        <div
          class="c3 table__td"
        >
          <label
            class="table__text-cell"
          >
            Philippines
          </label>
        </div>
        <div
          class="c3 table__td"
        >
          <label
            class="table__text-cell"
          >
            $9516.27
          </label>
        </div>
        <div
          class="c5 table__td"
        >
          <label
            class="table__text-cell"
          >
            architect mission-critical schemas
          </label>
        </div>
      </div>
    </div>
  </div>
</div>
`;
